============================= test session starts =============================
platform win32 -- Python 3.12.12, pytest-7.4.4, pluggy-1.6.0
rootdir: e:\project\LifeManager
plugins: anyio-4.12.1, langsmith-0.6.6, asyncio-0.23.3, cov-4.1.0
asyncio: mode=Mode.STRICT
collected 1 item

tests\integration\test_api_flow.py F                                     [100%]

================================== FAILURES ===================================
__________________ TestGoalFlow.test_complete_goal_lifecycle __________________

self = <integration.test_api_flow.TestGoalFlow object at 0x0000027CB7C8F560>
client = <starlette.testclient.TestClient object at 0x0000027CB7C8E0F0>
auth_headers = {'Authorization': 'Bearer eyJhbGciOiJIUzI1NiIsInR5cCI6IkpXVCJ9.eyJzdWIiOiIxIiwiZXhwIjoxNzcwMjc2OTM5fQ.I0aLgXnAwZKAg61vslz7lltCZ_HGNJ-FS0I02TFfD6c'}

    def test_complete_goal_lifecycle(self, client: TestClient, auth_headers: dict):
        """²âÊÔÄ¿±êµÄÍêÕûÉúÃüÖÜÆÚ"""
        # 1. ´´½¨Ä¿±ê
        create_response = client.post(
            "/api/goals",
            headers=auth_headers,
            json={
                "title": "Ñ§Ï°Python",
                "description": "ÕÆÎÕPython±à³Ì",
                "status": "planning"
            }
        )
        assert create_response.status_code == 200
        goal_data = create_response.json()["data"]
>       goal_id = goal_data["id"]
E       TypeError: 'NoneType' object is not subscriptable

tests\integration\test_api_flow.py:83: TypeError
---------------------------- Captured stdout setup ----------------------------
[32m2026-01-29 15:35:39[0m | [1mINFO    [0m | [36mapp.utils.llm_operator[0m:[36m__init__[0m:[36m81[0m - [1mLLMOperator ³õÊ¼»¯³É¹¦£¬Ä£ÐÍ: qwen3_32b_awq, API ÀàÐÍ: openai[0m
[32m2026-01-29 15:35:39[0m | [1mINFO    [0m | [36mapp.services.ai_service[0m:[36m__init__[0m:[36m100[0m - [1mAI ·þÎñ³õÊ¼»¯³É¹¦£¬Ä£ÐÍ: qwen3_32b_awq[0m
---------------------------- Captured stdout call -----------------------------
[32m2026-01-29 15:35:39[0m | [1mINFO    [0m | [36mapp.services.goal_service[0m:[36mcreate_goal[0m:[36m47[0m - [1m´´½¨Ä¿±ê³É¹¦: None, ÓÃ»§: 1[0m
=========================== short test summary info ===========================
FAILED tests/integration/test_api_flow.py::TestGoalFlow::test_complete_goal_lifecycle
============================== 1 failed in 1.18s ==============================
